<module 'test' from '../test/test_extension/test.so'>
[]
This will break
[]
